// Jest Snapshot v1, https://goo.gl/fbAQLP

exports[`Search renders search components correctly 1`] = `
<DocumentFragment>
  <form
    class="search-form"
  >
    <input
      class="search-input"
      type="text"
    />
    <button
      class="search-button"
      type="submit"
    >
      Go!
    </button>
  </form>
</DocumentFragment>
`;
